// Jest Snapshot v1, https://goo.gl/fbAQLP

exports[`Button 组件测试 props传入buttonName,渲染正常 1`] = `"<div><div class=\\"button\\">mockButtonName</div></div>"`;

exports[`Button 组件测试 渲染正常 1`] = `"<div><div class=\\"button\\">buttonDefaultName</div></div>"`;
